
=== [joyner] benchmark start (http://joyner.tailcb8954.ts.net:1234/v1) ===

=== [lenovo-ideapad-330s-15ikb] benchmark start (http://scott-lenovo-ideapad-330s-15ikb.tailcb8954.ts.net:1234/v1) ===

=== [destroyer] benchmark start (http://destroyer.tailcb8954.ts.net:1234/v1) ===
wrote /home/scott/git/lms/runs/joyner/machine_profile.json
wrote /home/scott/git/lms/runs/joyner/machine_synopsis.md
wrote /home/scott/git/lms/runs/destroyer/machine_profile.json
wrote /home/scott/git/lms/runs/destroyer/machine_synopsis.md
wrote /home/scott/git/lms/runs/lenovo-ideapad-330s-15ikb/machine_profile.json
wrote /home/scott/git/lms/runs/lenovo-ideapad-330s-15ikb/machine_synopsis.md
Wrote results to /home/scott/git/lms/runs/joyner/run_results.csv
Wrote summary to /home/scott/git/lms/runs/joyner/run_summary.csv
Wrote task summary to /home/scott/git/lms/runs/joyner/task_summary.csv
Wrote sidecars to /home/scott/git/lms/runs/joyner/sidecars/run_1784131163
Creating LMS run: /home/scott/git/lms/runs/joyner
Inventory rows: 4
$ /usr/bin/python3 /home/scott/git/lms/lms_machine_profile.py --output-dir /home/scott/git/lms/runs/joyner --timeout 900 --inventory-csv /home/scott/git/lms/runs/joyner/lmstudio_inventory.csv --probe-base-url http://joyner.tailcb8954.ts.net:1234/v1
$ /usr/bin/python3 /home/scott/git/lms/benchmark_lmstudio_cross_machine_models.py --inventory-csv /home/scott/git/lms/runs/joyner/lmstudio_inventory.csv --cases-file /home/scott/git/lms/benchmarks/agent_skill_suite.v1.json --output-dir /home/scott/git/lms/runs/joyner --sidecar-dir /home/scott/git/lms/runs/joyner/sidecars --timeout 900 --repeats 1 --max-context-tokens 4096
wrote /home/scott/git/lms/runs/joyner/capability_matrix.csv
wrote /home/scott/git/lms/runs/joyner/agent_recommendations.md
wrote /home/scott/git/lms/runs/joyner/routing_rules.yaml
Done. Read /home/scott/git/lms/runs/joyner/agent_recommendations.md
wrote /home/scott/git/lms/runs/joyner/model_fit.csv
wrote /home/scott/git/lms/runs/joyner/model_fit.md
[joyner] model_fit rc=0
  stamped host_name=joyner in capability_matrix.csv
  stamped host_name=joyner in run_summary.csv
  stamped host_name=joyner in task_summary.csv
  stamped host_name=joyner in run_results.csv
  stamped host_name=joyner in lmstudio_inventory.csv
  capability_matrix.csv: OK
  run_summary.csv: OK
  model_fit.csv: OK
Wrote results to /home/scott/git/lms/runs/destroyer/run_results.csv
Wrote summary to /home/scott/git/lms/runs/destroyer/run_summary.csv
Wrote task summary to /home/scott/git/lms/runs/destroyer/task_summary.csv
Wrote sidecars to /home/scott/git/lms/runs/destroyer/sidecars/run_1784131163
Creating LMS run: /home/scott/git/lms/runs/destroyer
Inventory rows: 11
$ /usr/bin/python3 /home/scott/git/lms/lms_machine_profile.py --output-dir /home/scott/git/lms/runs/destroyer --timeout 900 --inventory-csv /home/scott/git/lms/runs/destroyer/lmstudio_inventory.csv --probe-base-url http://destroyer.tailcb8954.ts.net:1234/v1
$ /usr/bin/python3 /home/scott/git/lms/benchmark_lmstudio_cross_machine_models.py --inventory-csv /home/scott/git/lms/runs/destroyer/lmstudio_inventory.csv --cases-file /home/scott/git/lms/benchmarks/agent_skill_suite.v1.json --output-dir /home/scott/git/lms/runs/destroyer --sidecar-dir /home/scott/git/lms/runs/destroyer/sidecars --timeout 900 --repeats 1 --max-context-tokens 4096
wrote /home/scott/git/lms/runs/destroyer/capability_matrix.csv
wrote /home/scott/git/lms/runs/destroyer/agent_recommendations.md
wrote /home/scott/git/lms/runs/destroyer/routing_rules.yaml
Done. Read /home/scott/git/lms/runs/destroyer/agent_recommendations.md
wrote /home/scott/git/lms/runs/destroyer/model_fit.csv
wrote /home/scott/git/lms/runs/destroyer/model_fit.md
[destroyer] model_fit rc=0
  capability_matrix.csv: OK
  run_summary.csv: OK
  model_fit.csv: OK
Wrote results to /home/scott/git/lms/runs/lenovo-ideapad-330s-15ikb/run_results.csv
Wrote summary to /home/scott/git/lms/runs/lenovo-ideapad-330s-15ikb/run_summary.csv
Wrote task summary to /home/scott/git/lms/runs/lenovo-ideapad-330s-15ikb/task_summary.csv
Wrote sidecars to /home/scott/git/lms/runs/lenovo-ideapad-330s-15ikb/sidecars/run_1784131163
Creating LMS run: /home/scott/git/lms/runs/lenovo-ideapad-330s-15ikb
Inventory rows: 7
$ /usr/bin/python3 /home/scott/git/lms/lms_machine_profile.py --output-dir /home/scott/git/lms/runs/lenovo-ideapad-330s-15ikb --timeout 900 --inventory-csv /home/scott/git/lms/runs/lenovo-ideapad-330s-15ikb/lmstudio_inventory.csv --probe-base-url http://scott-lenovo-ideapad-330s-15ikb.tailcb8954.ts.net:1234/v1
$ /usr/bin/python3 /home/scott/git/lms/benchmark_lmstudio_cross_machine_models.py --inventory-csv /home/scott/git/lms/runs/lenovo-ideapad-330s-15ikb/lmstudio_inventory.csv --cases-file /home/scott/git/lms/benchmarks/agent_skill_suite.v1.json --output-dir /home/scott/git/lms/runs/lenovo-ideapad-330s-15ikb --sidecar-dir /home/scott/git/lms/runs/lenovo-ideapad-330s-15ikb/sidecars --timeout 900 --repeats 1 --max-context-tokens 4096
wrote /home/scott/git/lms/runs/lenovo-ideapad-330s-15ikb/capability_matrix.csv
wrote /home/scott/git/lms/runs/lenovo-ideapad-330s-15ikb/agent_recommendations.md
wrote /home/scott/git/lms/runs/lenovo-ideapad-330s-15ikb/routing_rules.yaml
Done. Read /home/scott/git/lms/runs/lenovo-ideapad-330s-15ikb/agent_recommendations.md
wrote /home/scott/git/lms/runs/lenovo-ideapad-330s-15ikb/model_fit.csv
wrote /home/scott/git/lms/runs/lenovo-ideapad-330s-15ikb/model_fit.md
[lenovo-ideapad-330s-15ikb] model_fit rc=0
  stamped host_name=lenovo-ideapad-330s-15ikb in capability_matrix.csv
  capability_matrix.csv: OK
  run_summary.csv: OK
  model_fit.csv: OK

PASS complete: 3/3 nodes benchmarked.
